../Core/Src/main.c:36:13:UART_Print	16	static
../Core/Src/main.c:55:13:UART_SendJSON	440	static
../Core/Src/main.c:110:13:MCP2515_Test	112	static
../Core/Src/main.c:210:16:OBD_Request	32	static
../Core/Src/main.c:237:13:DecodeDTC	56	static
../Core/Src/main.c:250:16:OBD_Request_Mode03	32	static
../Core/Src/main.c:273:5:main	96	static
../Core/Src/main.c:384:6:SystemClock_Config	88	static
../Core/Src/main.c:417:13:MX_SPI1_Init	8	static
../Core/Src/main.c:436:13:MX_USART2_UART_Init	8	static
../Core/Src/main.c:451:13:MX_GPIO_Init	48	static
../Core/Src/main.c:490:6:Error_Handler	16	static,ignoring_inline_asm
