../Core/Src/main.c:71:1:__io_putchar	1
../Core/Src/main.c:88:13:sim_update_rpm	6
../Core/Src/main.c:123:13:sim_update_temp	3
../Core/Src/main.c:130:13:sim_update_fuel	2
../Core/Src/main.c:136:13:sim_update_battery	4
../Core/Src/main.c:155:13:ecu_send_response	12
../Core/Src/main.c:274:13:ecu_send_dtc_response	1
../Core/Src/main.c:302:5:main	14
../Core/Src/main.c:416:6:SystemClock_Config	3
../Core/Src/main.c:454:13:MX_SPI1_Init	2
../Core/Src/main.c:477:13:MX_USART2_UART_Init	2
../Core/Src/main.c:496:13:MX_GPIO_Init	1
../Core/Src/main.c:520:6:Error_Handler	1
